2025-05-11 21:13:12 - sufu - INFO - Start logging sufu beamsearch
2025-05-11 21:13:12 - root - INFO - gcc -pthread -B /data3/hzc/miniconda3/envs/py313/compiler_compat -fno-strict-overflow -Wsign-compare -DNDEBUG -O2 -Wall -fPIC -O2 -isystem /data3/hzc/miniconda3/envs/py313/include -fPIC -O2 -isystem /data3/hzc/miniconda3/envs/py313/include -fPIC -c /tmp/tmptu7r087a/test.c -o /tmp/tmptu7r087a/test.o
2025-05-11 21:13:12 - root - INFO - gcc -pthread -B /data3/hzc/miniconda3/envs/py313/compiler_compat /tmp/tmptu7r087a/test.o -laio -o /tmp/tmptu7r087a/a.out
2025-05-11 21:13:12 - root - INFO - gcc -pthread -B /data3/hzc/miniconda3/envs/py313/compiler_compat -fno-strict-overflow -Wsign-compare -DNDEBUG -O2 -Wall -fPIC -O2 -isystem /data3/hzc/miniconda3/envs/py313/include -fPIC -O2 -isystem /data3/hzc/miniconda3/envs/py313/include -fPIC -c /tmp/tmpwfazj8ot/test.c -o /tmp/tmpwfazj8ot/test.o
2025-05-11 21:13:12 - root - INFO - gcc -pthread -B /data3/hzc/miniconda3/envs/py313/compiler_compat /tmp/tmpwfazj8ot/test.o -L/usr/local/cuda-12.4 -L/usr/local/cuda-12.4/lib64 -lcufile -o /tmp/tmpwfazj8ot/a.out
2025-05-11 21:13:14 - git.cmd - DEBUG - Popen(['git', 'version'], cwd=/data3/hzc/ProofT5, stdin=None, shell=False, universal_newlines=False)
2025-05-11 21:13:14 - git.cmd - DEBUG - Popen(['git', 'version'], cwd=/data3/hzc/ProofT5, stdin=None, shell=False, universal_newlines=False)
2025-05-11 21:13:14 - wandb.docker.auth - DEBUG - Trying paths: ['/home/hzc/.docker/config.json', '/home/hzc/.dockercfg']
2025-05-11 21:13:14 - wandb.docker.auth - DEBUG - No config file found
2025-05-11 21:13:14 - git.cmd - DEBUG - Popen(['git', 'rev-parse', '--show-toplevel'], cwd=/data3/hzc/ProofT5, stdin=None, shell=False, universal_newlines=False)
2025-05-11 21:13:14 - urllib3.connectionpool - DEBUG - Starting new HTTPS connection (1): api.wandb.ai:443
2025-05-11 21:13:14 - urllib3.connectionpool - DEBUG - https://api.wandb.ai:443 "POST /graphql HTTP/1.1" 200 None
2025-05-11 21:13:15 - urllib3.connectionpool - DEBUG - https://api.wandb.ai:443 "POST /graphql HTTP/1.1" 200 None
2025-05-11 21:13:15 - git.cmd - DEBUG - Popen(['git', 'cat-file', '--batch-check'], cwd=/data3/hzc/ProofT5, stdin=<valid stream>, shell=False, universal_newlines=False)
2025-05-11 21:13:16 - accelerate.tracking - DEBUG - Initialized WandB project sufugrammar
2025-05-11 21:13:16 - accelerate.tracking - DEBUG - Make sure to log any initial configurations with `self.store_init_configuration` before training!
2025-05-11 21:13:16 - accelerate.tracking - DEBUG - Stored initial configuration hyperparameters to WandB
2025-05-11 21:13:27 - filelock - DEBUG - Attempting to acquire lock 139919942847520 on /home/hzc/.triton/autotune/Fp16Matmul_2d_kernel.pickle.lock
2025-05-11 21:13:27 - filelock - DEBUG - Lock 139919942847520 acquired on /home/hzc/.triton/autotune/Fp16Matmul_2d_kernel.pickle.lock
2025-05-11 21:13:27 - filelock - DEBUG - Attempting to release lock 139919942847520 on /home/hzc/.triton/autotune/Fp16Matmul_2d_kernel.pickle.lock
2025-05-11 21:13:27 - filelock - DEBUG - Lock 139919942847520 released on /home/hzc/.triton/autotune/Fp16Matmul_2d_kernel.pickle.lock
2025-05-11 21:13:27 - filelock - DEBUG - Attempting to acquire lock 139918562813392 on /home/hzc/.triton/autotune/Fp16Matmul_4d_kernel.pickle.lock
2025-05-11 21:13:27 - filelock - DEBUG - Lock 139918562813392 acquired on /home/hzc/.triton/autotune/Fp16Matmul_4d_kernel.pickle.lock
2025-05-11 21:13:27 - filelock - DEBUG - Attempting to release lock 139918562813392 on /home/hzc/.triton/autotune/Fp16Matmul_4d_kernel.pickle.lock
2025-05-11 21:13:27 - filelock - DEBUG - Lock 139918562813392 released on /home/hzc/.triton/autotune/Fp16Matmul_4d_kernel.pickle.lock
2025-05-11 21:22:21 - sufu - INFO - Start logging sufu beamsearch
2025-05-11 21:22:21 - root - INFO - gcc -pthread -B /data3/hzc/miniconda3/envs/py313/compiler_compat -fno-strict-overflow -Wsign-compare -DNDEBUG -O2 -Wall -fPIC -O2 -isystem /data3/hzc/miniconda3/envs/py313/include -fPIC -O2 -isystem /data3/hzc/miniconda3/envs/py313/include -fPIC -c /tmp/tmp_mbvtwb6/test.c -o /tmp/tmp_mbvtwb6/test.o
2025-05-11 21:22:21 - root - INFO - gcc -pthread -B /data3/hzc/miniconda3/envs/py313/compiler_compat /tmp/tmp_mbvtwb6/test.o -laio -o /tmp/tmp_mbvtwb6/a.out
2025-05-11 21:22:22 - root - INFO - gcc -pthread -B /data3/hzc/miniconda3/envs/py313/compiler_compat -fno-strict-overflow -Wsign-compare -DNDEBUG -O2 -Wall -fPIC -O2 -isystem /data3/hzc/miniconda3/envs/py313/include -fPIC -O2 -isystem /data3/hzc/miniconda3/envs/py313/include -fPIC -c /tmp/tmpgn7863k6/test.c -o /tmp/tmpgn7863k6/test.o
2025-05-11 21:22:22 - root - INFO - gcc -pthread -B /data3/hzc/miniconda3/envs/py313/compiler_compat /tmp/tmpgn7863k6/test.o -L/usr/local/cuda-12.4 -L/usr/local/cuda-12.4/lib64 -lcufile -o /tmp/tmpgn7863k6/a.out
2025-05-11 21:22:23 - git.cmd - DEBUG - Popen(['git', 'version'], cwd=/data3/hzc/ProofT5, stdin=None, shell=False, universal_newlines=False)
2025-05-11 21:22:23 - git.cmd - DEBUG - Popen(['git', 'version'], cwd=/data3/hzc/ProofT5, stdin=None, shell=False, universal_newlines=False)
2025-05-11 21:22:23 - wandb.docker.auth - DEBUG - Trying paths: ['/home/hzc/.docker/config.json', '/home/hzc/.dockercfg']
2025-05-11 21:22:23 - wandb.docker.auth - DEBUG - No config file found
2025-05-11 21:22:23 - git.cmd - DEBUG - Popen(['git', 'rev-parse', '--show-toplevel'], cwd=/data3/hzc/ProofT5, stdin=None, shell=False, universal_newlines=False)
2025-05-11 21:22:23 - urllib3.connectionpool - DEBUG - Starting new HTTPS connection (1): api.wandb.ai:443
2025-05-11 21:22:24 - urllib3.connectionpool - DEBUG - https://api.wandb.ai:443 "POST /graphql HTTP/1.1" 200 None
2025-05-11 21:22:24 - urllib3.connectionpool - DEBUG - https://api.wandb.ai:443 "POST /graphql HTTP/1.1" 200 None
2025-05-11 21:22:24 - git.cmd - DEBUG - Popen(['git', 'cat-file', '--batch-check'], cwd=/data3/hzc/ProofT5, stdin=<valid stream>, shell=False, universal_newlines=False)
2025-05-11 21:22:25 - accelerate.tracking - DEBUG - Initialized WandB project sufugrammar
2025-05-11 21:22:25 - accelerate.tracking - DEBUG - Make sure to log any initial configurations with `self.store_init_configuration` before training!
2025-05-11 21:22:25 - accelerate.tracking - DEBUG - Stored initial configuration hyperparameters to WandB
2025-05-11 21:22:37 - filelock - DEBUG - Attempting to acquire lock 140002792377376 on /home/hzc/.triton/autotune/Fp16Matmul_2d_kernel.pickle.lock
2025-05-11 21:22:37 - filelock - DEBUG - Lock 140002792377376 acquired on /home/hzc/.triton/autotune/Fp16Matmul_2d_kernel.pickle.lock
2025-05-11 21:22:37 - filelock - DEBUG - Attempting to release lock 140002792377376 on /home/hzc/.triton/autotune/Fp16Matmul_2d_kernel.pickle.lock
2025-05-11 21:22:37 - filelock - DEBUG - Lock 140002792377376 released on /home/hzc/.triton/autotune/Fp16Matmul_2d_kernel.pickle.lock
2025-05-11 21:22:37 - filelock - DEBUG - Attempting to acquire lock 140001297081808 on /home/hzc/.triton/autotune/Fp16Matmul_4d_kernel.pickle.lock
2025-05-11 21:22:37 - filelock - DEBUG - Lock 140001297081808 acquired on /home/hzc/.triton/autotune/Fp16Matmul_4d_kernel.pickle.lock
2025-05-11 21:22:37 - filelock - DEBUG - Attempting to release lock 140001297081808 on /home/hzc/.triton/autotune/Fp16Matmul_4d_kernel.pickle.lock
2025-05-11 21:22:37 - filelock - DEBUG - Lock 140001297081808 released on /home/hzc/.triton/autotune/Fp16Matmul_4d_kernel.pickle.lock
2025-05-11 21:27:18 - sufu - INFO - Start logging sufu beamsearch
2025-05-11 21:27:19 - root - INFO - gcc -pthread -B /data3/hzc/miniconda3/envs/py313/compiler_compat -fno-strict-overflow -Wsign-compare -DNDEBUG -O2 -Wall -fPIC -O2 -isystem /data3/hzc/miniconda3/envs/py313/include -fPIC -O2 -isystem /data3/hzc/miniconda3/envs/py313/include -fPIC -c /tmp/tmpadv9_um7/test.c -o /tmp/tmpadv9_um7/test.o
2025-05-11 21:27:19 - root - INFO - gcc -pthread -B /data3/hzc/miniconda3/envs/py313/compiler_compat /tmp/tmpadv9_um7/test.o -laio -o /tmp/tmpadv9_um7/a.out
2025-05-11 21:27:19 - root - INFO - gcc -pthread -B /data3/hzc/miniconda3/envs/py313/compiler_compat -fno-strict-overflow -Wsign-compare -DNDEBUG -O2 -Wall -fPIC -O2 -isystem /data3/hzc/miniconda3/envs/py313/include -fPIC -O2 -isystem /data3/hzc/miniconda3/envs/py313/include -fPIC -c /tmp/tmpi42398dv/test.c -o /tmp/tmpi42398dv/test.o
2025-05-11 21:27:19 - root - INFO - gcc -pthread -B /data3/hzc/miniconda3/envs/py313/compiler_compat /tmp/tmpi42398dv/test.o -L/usr/local/cuda-12.4 -L/usr/local/cuda-12.4/lib64 -lcufile -o /tmp/tmpi42398dv/a.out
2025-05-11 21:27:20 - git.cmd - DEBUG - Popen(['git', 'version'], cwd=/data3/hzc/ProofT5, stdin=None, shell=False, universal_newlines=False)
2025-05-11 21:27:20 - git.cmd - DEBUG - Popen(['git', 'version'], cwd=/data3/hzc/ProofT5, stdin=None, shell=False, universal_newlines=False)
2025-05-11 21:27:20 - wandb.docker.auth - DEBUG - Trying paths: ['/home/hzc/.docker/config.json', '/home/hzc/.dockercfg']
2025-05-11 21:27:20 - wandb.docker.auth - DEBUG - No config file found
2025-05-11 21:27:21 - git.cmd - DEBUG - Popen(['git', 'rev-parse', '--show-toplevel'], cwd=/data3/hzc/ProofT5, stdin=None, shell=False, universal_newlines=False)
2025-05-11 21:27:21 - urllib3.connectionpool - DEBUG - Starting new HTTPS connection (1): api.wandb.ai:443
2025-05-11 21:27:21 - urllib3.connectionpool - DEBUG - https://api.wandb.ai:443 "POST /graphql HTTP/1.1" 200 None
2025-05-11 21:27:21 - urllib3.connectionpool - DEBUG - https://api.wandb.ai:443 "POST /graphql HTTP/1.1" 200 None
2025-05-11 21:27:21 - git.cmd - DEBUG - Popen(['git', 'cat-file', '--batch-check'], cwd=/data3/hzc/ProofT5, stdin=<valid stream>, shell=False, universal_newlines=False)
2025-05-11 21:27:22 - accelerate.tracking - DEBUG - Initialized WandB project sufugrammar
2025-05-11 21:27:22 - accelerate.tracking - DEBUG - Make sure to log any initial configurations with `self.store_init_configuration` before training!
2025-05-11 21:27:22 - accelerate.tracking - DEBUG - Stored initial configuration hyperparameters to WandB
2025-05-11 21:27:32 - sufu - INFO - index: 0, tmpstates size: torch.Size([60, 1410])
2025-05-11 21:27:34 - filelock - DEBUG - Attempting to acquire lock 140278036745248 on /home/hzc/.triton/autotune/Fp16Matmul_2d_kernel.pickle.lock
2025-05-11 21:27:34 - filelock - DEBUG - Lock 140278036745248 acquired on /home/hzc/.triton/autotune/Fp16Matmul_2d_kernel.pickle.lock
2025-05-11 21:27:34 - filelock - DEBUG - Attempting to release lock 140278036745248 on /home/hzc/.triton/autotune/Fp16Matmul_2d_kernel.pickle.lock
2025-05-11 21:27:34 - filelock - DEBUG - Lock 140278036745248 released on /home/hzc/.triton/autotune/Fp16Matmul_2d_kernel.pickle.lock
2025-05-11 21:27:34 - filelock - DEBUG - Attempting to acquire lock 140277125392464 on /home/hzc/.triton/autotune/Fp16Matmul_4d_kernel.pickle.lock
2025-05-11 21:27:34 - filelock - DEBUG - Lock 140277125392464 acquired on /home/hzc/.triton/autotune/Fp16Matmul_4d_kernel.pickle.lock
2025-05-11 21:27:34 - filelock - DEBUG - Attempting to release lock 140277125392464 on /home/hzc/.triton/autotune/Fp16Matmul_4d_kernel.pickle.lock
2025-05-11 21:27:34 - filelock - DEBUG - Lock 140277125392464 released on /home/hzc/.triton/autotune/Fp16Matmul_4d_kernel.pickle.lock
2025-05-11 21:30:36 - sufu - INFO - Start logging sufu beamsearch
2025-05-11 21:30:36 - root - INFO - gcc -pthread -B /data3/hzc/miniconda3/envs/py313/compiler_compat -fno-strict-overflow -Wsign-compare -DNDEBUG -O2 -Wall -fPIC -O2 -isystem /data3/hzc/miniconda3/envs/py313/include -fPIC -O2 -isystem /data3/hzc/miniconda3/envs/py313/include -fPIC -c /tmp/tmp_m1mzqab/test.c -o /tmp/tmp_m1mzqab/test.o
2025-05-11 21:30:36 - root - INFO - gcc -pthread -B /data3/hzc/miniconda3/envs/py313/compiler_compat /tmp/tmp_m1mzqab/test.o -laio -o /tmp/tmp_m1mzqab/a.out
2025-05-11 21:30:37 - root - INFO - gcc -pthread -B /data3/hzc/miniconda3/envs/py313/compiler_compat -fno-strict-overflow -Wsign-compare -DNDEBUG -O2 -Wall -fPIC -O2 -isystem /data3/hzc/miniconda3/envs/py313/include -fPIC -O2 -isystem /data3/hzc/miniconda3/envs/py313/include -fPIC -c /tmp/tmp76xjvi0y/test.c -o /tmp/tmp76xjvi0y/test.o
2025-05-11 21:30:37 - root - INFO - gcc -pthread -B /data3/hzc/miniconda3/envs/py313/compiler_compat /tmp/tmp76xjvi0y/test.o -L/usr/local/cuda-12.4 -L/usr/local/cuda-12.4/lib64 -lcufile -o /tmp/tmp76xjvi0y/a.out
2025-05-11 21:30:38 - git.cmd - DEBUG - Popen(['git', 'version'], cwd=/data3/hzc/ProofT5, stdin=None, shell=False, universal_newlines=False)
2025-05-11 21:30:38 - git.cmd - DEBUG - Popen(['git', 'version'], cwd=/data3/hzc/ProofT5, stdin=None, shell=False, universal_newlines=False)
2025-05-11 21:30:38 - wandb.docker.auth - DEBUG - Trying paths: ['/home/hzc/.docker/config.json', '/home/hzc/.dockercfg']
2025-05-11 21:30:38 - wandb.docker.auth - DEBUG - No config file found
2025-05-11 21:30:38 - git.cmd - DEBUG - Popen(['git', 'rev-parse', '--show-toplevel'], cwd=/data3/hzc/ProofT5, stdin=None, shell=False, universal_newlines=False)
2025-05-11 21:30:38 - urllib3.connectionpool - DEBUG - Starting new HTTPS connection (1): api.wandb.ai:443
2025-05-11 21:30:39 - urllib3.connectionpool - DEBUG - https://api.wandb.ai:443 "POST /graphql HTTP/1.1" 200 None
2025-05-11 21:30:39 - urllib3.connectionpool - DEBUG - https://api.wandb.ai:443 "POST /graphql HTTP/1.1" 200 None
2025-05-11 21:30:39 - git.cmd - DEBUG - Popen(['git', 'cat-file', '--batch-check'], cwd=/data3/hzc/ProofT5, stdin=<valid stream>, shell=False, universal_newlines=False)
2025-05-11 21:30:40 - accelerate.tracking - DEBUG - Initialized WandB project sufugrammar
2025-05-11 21:30:40 - accelerate.tracking - DEBUG - Make sure to log any initial configurations with `self.store_init_configuration` before training!
2025-05-11 21:30:40 - accelerate.tracking - DEBUG - Stored initial configuration hyperparameters to WandB
2025-05-11 21:30:49 - sufu - INFO - index: 0, tmpstates size: torch.Size([30, 364])
2025-05-11 21:30:51 - filelock - DEBUG - Attempting to acquire lock 140099433827360 on /home/hzc/.triton/autotune/Fp16Matmul_2d_kernel.pickle.lock
2025-05-11 21:30:51 - filelock - DEBUG - Lock 140099433827360 acquired on /home/hzc/.triton/autotune/Fp16Matmul_2d_kernel.pickle.lock
2025-05-11 21:30:51 - filelock - DEBUG - Attempting to release lock 140099433827360 on /home/hzc/.triton/autotune/Fp16Matmul_2d_kernel.pickle.lock
2025-05-11 21:30:51 - filelock - DEBUG - Lock 140099433827360 released on /home/hzc/.triton/autotune/Fp16Matmul_2d_kernel.pickle.lock
2025-05-11 21:30:51 - filelock - DEBUG - Attempting to acquire lock 140098985063312 on /home/hzc/.triton/autotune/Fp16Matmul_4d_kernel.pickle.lock
2025-05-11 21:30:51 - filelock - DEBUG - Lock 140098985063312 acquired on /home/hzc/.triton/autotune/Fp16Matmul_4d_kernel.pickle.lock
2025-05-11 21:30:51 - filelock - DEBUG - Attempting to release lock 140098985063312 on /home/hzc/.triton/autotune/Fp16Matmul_4d_kernel.pickle.lock
2025-05-11 21:30:51 - filelock - DEBUG - Lock 140098985063312 released on /home/hzc/.triton/autotune/Fp16Matmul_4d_kernel.pickle.lock
2025-05-12 12:39:44 - sufu - INFO - Start logging sufu beamsearch
2025-05-12 12:39:44 - root - INFO - gcc -pthread -B /data3/hzc/miniconda3/envs/py313/compiler_compat -fno-strict-overflow -Wsign-compare -DNDEBUG -O2 -Wall -fPIC -O2 -isystem /data3/hzc/miniconda3/envs/py313/include -fPIC -O2 -isystem /data3/hzc/miniconda3/envs/py313/include -fPIC -c /tmp/tmpy0sry12b/test.c -o /tmp/tmpy0sry12b/test.o
2025-05-12 12:39:44 - root - INFO - gcc -pthread -B /data3/hzc/miniconda3/envs/py313/compiler_compat /tmp/tmpy0sry12b/test.o -laio -o /tmp/tmpy0sry12b/a.out
2025-05-12 12:39:44 - root - INFO - gcc -pthread -B /data3/hzc/miniconda3/envs/py313/compiler_compat -fno-strict-overflow -Wsign-compare -DNDEBUG -O2 -Wall -fPIC -O2 -isystem /data3/hzc/miniconda3/envs/py313/include -fPIC -O2 -isystem /data3/hzc/miniconda3/envs/py313/include -fPIC -c /tmp/tmpzlrhxgmz/test.c -o /tmp/tmpzlrhxgmz/test.o
2025-05-12 12:39:44 - root - INFO - gcc -pthread -B /data3/hzc/miniconda3/envs/py313/compiler_compat /tmp/tmpzlrhxgmz/test.o -L/usr/local/cuda-12.4 -L/usr/local/cuda-12.4/lib64 -lcufile -o /tmp/tmpzlrhxgmz/a.out
2025-05-12 12:39:57 - sufu - INFO - state len: 364, state: [0, 0, 0, 0, 0, 0, 0, 0, 0, 0, 0, 0, 0, 0, 0, 0, 0, 0, 0, 0, 0, 0, 0, 0, 0, 0, 0, 0, 0, 0, 0, 0, 0, 0, 0, 0, 0, 0, 0, 0, 0, 0, 0, 0, 0, 0, 0, 0, 0, 0, 0, 0, 0, 0, 0, 0, 0, 0, 0, 0, 0, 0, 0, 0, 0, 0, 0, 0, 0, 0, 0, 0, 0, 0, 0, 0, 0, 0, 0, 0, 0, 0, 0, 0, 0, 0, 0, 0, 0, 0, 0, 0, 0, 0, 0, 0, 0, 0, 0, 0, 0, 0, 0, 0, 0, 0, 0, 0, 0, 0, 0, 0, 0, 0, 0, 0, 0, 0, 0, 0, 0, 0, 0, 0, 0, 0, 0, 0, 0, 0, 0, 0, 0, 0, 0, 0, 0, 0, 0, 0, 0, 0, 0, 0, 0, 0, 0, 0, 0, 0, 0, 0, 32100, 32103, 682, 225, 32107, 32108, 11572, 32112, 32108, 1959, 32116, 32112, 682, 32100, 32105, 22, 681, 32125, 619, 32112, 32124, 32124, 32123, 300, 32122, 619, 32135, 32124, 32124, 32123, 380, 32135, 32124, 32124, 32123, 342, 32122, 619, 32119, 576, 32119, 576, 32100, 32105, 917, 67, 16728, 67, 353, 32126, 32135, 32125, 284, 32114, 682, 32113, 32125, 9280, 682, 32131, 32122, 9280, 32138, 32137, 32142, 11572, 32141, 619, 32124, 32124, 32123, 471, 32135, 32124, 32124, 32123, 405, 32122, 619, 32119, 374, 32135, 32124, 32124, 32123, 422, 32135, 32124, 32122, 22, 681, 32122, 619, 32119, 374, 32137, 32142, 1959, 32143, 32141, 366, 32141, 268, 32124, 32124, 32123, 471, 32135, 32124, 32124, 32123, 471, 32135, 32124, 32124, 32123, 405, 32122, 366, 32119, 374, 32135, 32124, 32124, 32123, 422, 32135, 32124, 32122, 22, 681, 32122, 366, 32119, 374, 32135, 32124, 32122, 284, 32122, 268, 32100, 32105, 857, 32126, 32135, 32125, 284, 32114, 682, 32112, 32125, 9280, 682, 32131, 32122, 9280, 32138, 32137, 32142, 11572, 32141, 619, 32128, 32135, 32124, 32124, 32123, 422, 32135, 32124, 32122, 22, 681, 32122, 619, 32119, 404, 32122, 619, 32119, 374, 32137, 32142, 1959, 32143, 32141, 366, 32141, 268, 32128, 32135, 32124, 32124, 32123, 422, 32135, 32124, 32122, 22, 681, 32122, 366, 32119, 404, 32122, 366, 32124, 32122, 284, 32122, 268]
2025-05-12 12:39:57 - sufu - INFO - state len: 364, state: [32100, 32103, 682, 225, 32107, 32108, 1959, 32116, 32112, 682, 32108, 515, 32111, 32100, 32105, 769, 32126, 32135, 32125, 284, 32114, 682, 32112, 32125, 619, 682, 32131, 32122, 619, 32138, 32137, 32142, 1959, 32143, 32141, 366, 32141, 268, 32124, 32124, 32123, 397, 32135, 32124, 32122, 284, 32122, 268, 32119, 404, 32137, 32142, 515, 32140, 32119, 374, 32100, 32105, 3835, 32126, 32135, 32125, 284, 32114, 682, 32114, 682, 682, 32125, 619, 682, 32125, 677, 682, 32131, 32122, 619, 32138, 32137, 32142, 1959, 32143, 32141, 366, 32141, 268, 32124, 32122, 1959, 32129, 32122, 366, 32124, 32124, 32122, 284, 32122, 268, 32122, 677, 32137, 32142, 515, 32140, 32122, 677, 32100, 32105, 1416, 32125, 9280, 682, 32124, 32124, 32126, 32135, 32125, 284, 32114, 682, 32114, 32112, 32116, 682, 682, 32125, 619, 682, 32125, 290, 32112, 32128, 32135, 32124, 32124, 32123, 411, 32122, 290, 32119, 404, 32129, 32124, 32122, 515, 32118, 32122, 619, 32131, 32122, 619, 32138, 32137, 32142, 1959, 32143, 32141, 366, 32141, 268, 32127, 400, 32135, 32124, 32124, 32122, 284, 32122, 268, 32135, 32124, 32124, 32123, 300, 32122, 290, 32119, 404, 32129, 32124, 32122, 1959, 32129, 32122, 366, 32130, 32122, 400, 404, 32130, 32122, 400, 576, 32137, 32140, 32129, 32124, 32122, 515, 32118, 32124, 32122, 515, 32118, 32122, 9280, 32135, 32124, 32124, 32123, 342, 32135, 32124, 32122, 769, 32122, 9280, 32119, 576, 32100, 32105, 1077, 302, 32125, 331, 32114, 682, 32112, 32125, 9280, 682, 32127, 1086, 32135, 32126, 32135, 32125, 284, 32114, 682, 32115, 682, 32125, 9280, 682, 32131, 32122, 9280, 32138, 32137, 32142, 515, 32140, 32132, 32135, 32133, 32122, 9280, 32138, 32137, 32142, 1959, 32143, 32140, 32142, 515, 32140, 32132, 32135, 32133, 32122, 9280, 32137, 32140, 32127, 1694, 32135, 32124, 32122, 1416, 32122, 9280, 32127, 21, 1853, 32135, 32124, 32122, 284, 32130, 32122, 1694, 404, 32127, 22, 1853, 32135, 32124, 32122, 284, 32130, 32122, 1694, 576, 32132, 32135, 32133, 32135, 32124, 32124, 32122, 3835, 32135, 32134, 32122, 21, 1853, 32135, 32134, 32122, 22, 1853, 32127, 23, 1853, 32135, 32124, 32122, 1086, 32122, 9280, 32132, 32135, 32124, 32122, 331, 32135, 32134, 32122, 23, 1853, 32100, 32105, 943, 32125, 279, 32112, 32125, 324, 32112, 32128, 32135, 32124, 32124, 32123, 411, 32122, 279, 32122, 324, 32122, 324, 32122, 279]
2025-05-12 12:39:57 - sufu - INFO - state len: 364, state: [0, 0, 0, 0, 0, 0, 0, 0, 0, 0, 0, 0, 0, 0, 0, 0, 0, 0, 0, 0, 0, 0, 0, 0, 0, 0, 0, 0, 0, 0, 0, 0, 0, 0, 0, 0, 0, 0, 0, 0, 0, 0, 0, 0, 0, 0, 0, 0, 0, 0, 0, 0, 0, 0, 0, 0, 0, 0, 0, 0, 0, 0, 0, 0, 0, 0, 0, 0, 0, 0, 0, 0, 0, 0, 0, 0, 0, 0, 0, 0, 0, 0, 0, 0, 0, 0, 0, 0, 0, 0, 0, 0, 0, 0, 0, 0, 0, 0, 0, 0, 0, 0, 0, 0, 0, 0, 0, 0, 0, 0, 0, 0, 0, 0, 0, 0, 0, 0, 0, 0, 0, 0, 0, 0, 0, 0, 0, 0, 0, 0, 0, 0, 0, 0, 0, 32100, 32103, 2471, 225, 32107, 32108, 7839, 32112, 32108, 756, 32116, 32112, 32116, 2471, 2471, 32100, 32105, 943, 32125, 279, 32112, 32125, 324, 32112, 32128, 32135, 32124, 32124, 32123, 411, 32122, 279, 32122, 324, 32122, 324, 32122, 279, 32100, 32105, 1131, 32125, 279, 32112, 32125, 324, 32112, 32128, 32135, 32124, 32124, 32123, 405, 32122, 279, 32122, 324, 32122, 324, 32122, 279, 32100, 32105, 314, 32126, 32135, 32125, 284, 32114, 32116, 32112, 32112, 32114, 2471, 32116, 32112, 32112, 32125, 619, 32116, 32112, 32112, 32125, 268, 2471, 32131, 32122, 268, 32138, 32137, 32142, 7839, 32141, 279, 32129, 32124, 32124, 32122, 1131, 32122, 279, 32130, 32122, 619, 404, 32124, 32124, 32122, 943, 32122, 279, 32130, 32122, 619, 576, 32137, 32142, 756, 32143, 32141, 279, 32143, 32141, 328, 32141, 436, 32124, 32124, 32122, 284, 32135, 32124, 32124, 32122, 284, 32129, 32124, 32124, 32122, 1131, 32122, 279, 32130, 32122, 619, 404, 32124, 32124, 32122, 943, 32122, 279, 32130, 32122, 619, 576, 32122, 328, 32122, 436, 32100, 32105, 857, 32126, 32135, 32125, 284, 32114, 2471, 32116, 32112, 32112, 32125, 268, 2471, 32131, 32122, 268, 32138, 32137, 32142, 7839, 32141, 619, 32129, 32122, 619, 32122, 619, 32137, 32142, 756, 32143, 32141, 279, 32143, 32141, 328, 32141, 436, 32127, 563, 32135, 32124, 32124, 32122, 314, 32129, 32122, 279, 32122, 279, 32122, 328, 32124, 32124, 32122, 314, 32129, 32130, 32122, 563, 404, 32130, 32122, 563, 576, 32122, 436]
2025-05-12 12:39:57 - sufu - INFO - index: 0, tmpstates size: torch.Size([30, 364])
2025-05-12 13:24:00 - sufu - INFO - Start logging sufu beamsearch
2025-05-12 13:24:00 - sufu - INFO - Start logging sufu beamsearch
2025-05-12 13:24:00 - sufu - INFO - Start logging sufu beamsearch
2025-05-12 13:24:00 - sufu - INFO - Start logging sufu beamsearch
2025-05-12 13:24:00 - sufu - INFO - Start logging sufu beamsearch
2025-05-12 13:24:00 - sufu - INFO - Start logging sufu beamsearch
2025-05-12 13:24:00 - sufu - INFO - Start logging sufu beamsearch
2025-05-12 13:24:00 - sufu - INFO - Start logging sufu beamsearch
2025-05-12 13:24:00 - root - INFO - gcc -pthread -B /data3/hzc/miniconda3/envs/py313/compiler_compat -fno-strict-overflow -Wsign-compare -DNDEBUG -O2 -Wall -fPIC -O2 -isystem /data3/hzc/miniconda3/envs/py313/include -fPIC -O2 -isystem /data3/hzc/miniconda3/envs/py313/include -fPIC -c /tmp/tmpwusc_6v8/test.c -o /tmp/tmpwusc_6v8/test.o
2025-05-12 13:24:00 - root - INFO - gcc -pthread -B /data3/hzc/miniconda3/envs/py313/compiler_compat /tmp/tmpwusc_6v8/test.o -laio -o /tmp/tmpwusc_6v8/a.out
2025-05-12 13:24:00 - root - INFO - gcc -pthread -B /data3/hzc/miniconda3/envs/py313/compiler_compat -fno-strict-overflow -Wsign-compare -DNDEBUG -O2 -Wall -fPIC -O2 -isystem /data3/hzc/miniconda3/envs/py313/include -fPIC -O2 -isystem /data3/hzc/miniconda3/envs/py313/include -fPIC -c /tmp/tmpiemturo9/test.c -o /tmp/tmpiemturo9/test.o
2025-05-12 13:24:00 - root - INFO - gcc -pthread -B /data3/hzc/miniconda3/envs/py313/compiler_compat -fno-strict-overflow -Wsign-compare -DNDEBUG -O2 -Wall -fPIC -O2 -isystem /data3/hzc/miniconda3/envs/py313/include -fPIC -O2 -isystem /data3/hzc/miniconda3/envs/py313/include -fPIC -c /tmp/tmp4b7phsyo/test.c -o /tmp/tmp4b7phsyo/test.o
2025-05-12 13:24:00 - root - INFO - gcc -pthread -B /data3/hzc/miniconda3/envs/py313/compiler_compat -fno-strict-overflow -Wsign-compare -DNDEBUG -O2 -Wall -fPIC -O2 -isystem /data3/hzc/miniconda3/envs/py313/include -fPIC -O2 -isystem /data3/hzc/miniconda3/envs/py313/include -fPIC -c /tmp/tmp0vc1diqp/test.c -o /tmp/tmp0vc1diqp/test.o
2025-05-12 13:24:00 - root - INFO - gcc -pthread -B /data3/hzc/miniconda3/envs/py313/compiler_compat -fno-strict-overflow -Wsign-compare -DNDEBUG -O2 -Wall -fPIC -O2 -isystem /data3/hzc/miniconda3/envs/py313/include -fPIC -O2 -isystem /data3/hzc/miniconda3/envs/py313/include -fPIC -c /tmp/tmpa2j6d_s2/test.c -o /tmp/tmpa2j6d_s2/test.o
2025-05-12 13:24:00 - root - INFO - gcc -pthread -B /data3/hzc/miniconda3/envs/py313/compiler_compat -fno-strict-overflow -Wsign-compare -DNDEBUG -O2 -Wall -fPIC -O2 -isystem /data3/hzc/miniconda3/envs/py313/include -fPIC -O2 -isystem /data3/hzc/miniconda3/envs/py313/include -fPIC -c /tmp/tmpxoiwj7xk/test.c -o /tmp/tmpxoiwj7xk/test.o
2025-05-12 13:24:00 - root - INFO - gcc -pthread -B /data3/hzc/miniconda3/envs/py313/compiler_compat -fno-strict-overflow -Wsign-compare -DNDEBUG -O2 -Wall -fPIC -O2 -isystem /data3/hzc/miniconda3/envs/py313/include -fPIC -O2 -isystem /data3/hzc/miniconda3/envs/py313/include -fPIC -c /tmp/tmpoku0wwrx/test.c -o /tmp/tmpoku0wwrx/test.o
2025-05-12 13:24:00 - root - INFO - gcc -pthread -B /data3/hzc/miniconda3/envs/py313/compiler_compat /tmp/tmp0vc1diqp/test.o -laio -o /tmp/tmp0vc1diqp/a.out
2025-05-12 13:24:00 - root - INFO - gcc -pthread -B /data3/hzc/miniconda3/envs/py313/compiler_compat /tmp/tmp4b7phsyo/test.o -laio -o /tmp/tmp4b7phsyo/a.out
2025-05-12 13:24:00 - root - INFO - gcc -pthread -B /data3/hzc/miniconda3/envs/py313/compiler_compat /tmp/tmpiemturo9/test.o -laio -o /tmp/tmpiemturo9/a.out
2025-05-12 13:24:00 - root - INFO - gcc -pthread -B /data3/hzc/miniconda3/envs/py313/compiler_compat -fno-strict-overflow -Wsign-compare -DNDEBUG -O2 -Wall -fPIC -O2 -isystem /data3/hzc/miniconda3/envs/py313/include -fPIC -O2 -isystem /data3/hzc/miniconda3/envs/py313/include -fPIC -c /tmp/tmp6_u9fe2c/test.c -o /tmp/tmp6_u9fe2c/test.o
2025-05-12 13:24:00 - root - INFO - gcc -pthread -B /data3/hzc/miniconda3/envs/py313/compiler_compat /tmp/tmpa2j6d_s2/test.o -laio -o /tmp/tmpa2j6d_s2/a.out
2025-05-12 13:24:00 - root - INFO - gcc -pthread -B /data3/hzc/miniconda3/envs/py313/compiler_compat /tmp/tmpxoiwj7xk/test.o -laio -o /tmp/tmpxoiwj7xk/a.out
2025-05-12 13:24:00 - root - INFO - gcc -pthread -B /data3/hzc/miniconda3/envs/py313/compiler_compat /tmp/tmpoku0wwrx/test.o -laio -o /tmp/tmpoku0wwrx/a.out
2025-05-12 13:24:00 - root - INFO - gcc -pthread -B /data3/hzc/miniconda3/envs/py313/compiler_compat /tmp/tmp6_u9fe2c/test.o -laio -o /tmp/tmp6_u9fe2c/a.out
2025-05-12 13:24:01 - root - INFO - gcc -pthread -B /data3/hzc/miniconda3/envs/py313/compiler_compat -fno-strict-overflow -Wsign-compare -DNDEBUG -O2 -Wall -fPIC -O2 -isystem /data3/hzc/miniconda3/envs/py313/include -fPIC -O2 -isystem /data3/hzc/miniconda3/envs/py313/include -fPIC -c /tmp/tmps74q86a8/test.c -o /tmp/tmps74q86a8/test.o
2025-05-12 13:24:01 - root - INFO - gcc -pthread -B /data3/hzc/miniconda3/envs/py313/compiler_compat /tmp/tmps74q86a8/test.o -L/usr/local/cuda-12.4 -L/usr/local/cuda-12.4/lib64 -lcufile -o /tmp/tmps74q86a8/a.out
2025-05-12 13:24:01 - root - INFO - gcc -pthread -B /data3/hzc/miniconda3/envs/py313/compiler_compat -fno-strict-overflow -Wsign-compare -DNDEBUG -O2 -Wall -fPIC -O2 -isystem /data3/hzc/miniconda3/envs/py313/include -fPIC -O2 -isystem /data3/hzc/miniconda3/envs/py313/include -fPIC -c /tmp/tmp4vq6hybs/test.c -o /tmp/tmp4vq6hybs/test.o
2025-05-12 13:24:01 - root - INFO - gcc -pthread -B /data3/hzc/miniconda3/envs/py313/compiler_compat -fno-strict-overflow -Wsign-compare -DNDEBUG -O2 -Wall -fPIC -O2 -isystem /data3/hzc/miniconda3/envs/py313/include -fPIC -O2 -isystem /data3/hzc/miniconda3/envs/py313/include -fPIC -c /tmp/tmpdcwf202y/test.c -o /tmp/tmpdcwf202y/test.o
2025-05-12 13:24:01 - root - INFO - gcc -pthread -B /data3/hzc/miniconda3/envs/py313/compiler_compat -fno-strict-overflow -Wsign-compare -DNDEBUG -O2 -Wall -fPIC -O2 -isystem /data3/hzc/miniconda3/envs/py313/include -fPIC -O2 -isystem /data3/hzc/miniconda3/envs/py313/include -fPIC -c /tmp/tmph_7c9qbw/test.c -o /tmp/tmph_7c9qbw/test.o
2025-05-12 13:24:01 - root - INFO - gcc -pthread -B /data3/hzc/miniconda3/envs/py313/compiler_compat /tmp/tmp4vq6hybs/test.o -L/usr/local/cuda-12.4 -L/usr/local/cuda-12.4/lib64 -lcufile -o /tmp/tmp4vq6hybs/a.out
2025-05-12 13:24:01 - root - INFO - gcc -pthread -B /data3/hzc/miniconda3/envs/py313/compiler_compat /tmp/tmpdcwf202y/test.o -L/usr/local/cuda-12.4 -L/usr/local/cuda-12.4/lib64 -lcufile -o /tmp/tmpdcwf202y/a.out
2025-05-12 13:24:01 - root - INFO - gcc -pthread -B /data3/hzc/miniconda3/envs/py313/compiler_compat /tmp/tmph_7c9qbw/test.o -L/usr/local/cuda-12.4 -L/usr/local/cuda-12.4/lib64 -lcufile -o /tmp/tmph_7c9qbw/a.out
2025-05-12 13:24:01 - root - INFO - gcc -pthread -B /data3/hzc/miniconda3/envs/py313/compiler_compat -fno-strict-overflow -Wsign-compare -DNDEBUG -O2 -Wall -fPIC -O2 -isystem /data3/hzc/miniconda3/envs/py313/include -fPIC -O2 -isystem /data3/hzc/miniconda3/envs/py313/include -fPIC -c /tmp/tmpw32ddsjf/test.c -o /tmp/tmpw32ddsjf/test.o
2025-05-12 13:24:01 - root - INFO - gcc -pthread -B /data3/hzc/miniconda3/envs/py313/compiler_compat -fno-strict-overflow -Wsign-compare -DNDEBUG -O2 -Wall -fPIC -O2 -isystem /data3/hzc/miniconda3/envs/py313/include -fPIC -O2 -isystem /data3/hzc/miniconda3/envs/py313/include -fPIC -c /tmp/tmpwmdckaog/test.c -o /tmp/tmpwmdckaog/test.o
2025-05-12 13:24:01 - root - INFO - gcc -pthread -B /data3/hzc/miniconda3/envs/py313/compiler_compat -fno-strict-overflow -Wsign-compare -DNDEBUG -O2 -Wall -fPIC -O2 -isystem /data3/hzc/miniconda3/envs/py313/include -fPIC -O2 -isystem /data3/hzc/miniconda3/envs/py313/include -fPIC -c /tmp/tmpl3w2k51d/test.c -o /tmp/tmpl3w2k51d/test.o
2025-05-12 13:24:01 - root - INFO - gcc -pthread -B /data3/hzc/miniconda3/envs/py313/compiler_compat /tmp/tmpw32ddsjf/test.o -L/usr/local/cuda-12.4 -L/usr/local/cuda-12.4/lib64 -lcufile -o /tmp/tmpw32ddsjf/a.out
2025-05-12 13:24:01 - root - INFO - gcc -pthread -B /data3/hzc/miniconda3/envs/py313/compiler_compat /tmp/tmpwmdckaog/test.o -L/usr/local/cuda-12.4 -L/usr/local/cuda-12.4/lib64 -lcufile -o /tmp/tmpwmdckaog/a.out
2025-05-12 13:24:01 - root - INFO - gcc -pthread -B /data3/hzc/miniconda3/envs/py313/compiler_compat /tmp/tmpl3w2k51d/test.o -L/usr/local/cuda-12.4 -L/usr/local/cuda-12.4/lib64 -lcufile -o /tmp/tmpl3w2k51d/a.out
2025-05-12 13:24:01 - root - INFO - gcc -pthread -B /data3/hzc/miniconda3/envs/py313/compiler_compat -fno-strict-overflow -Wsign-compare -DNDEBUG -O2 -Wall -fPIC -O2 -isystem /data3/hzc/miniconda3/envs/py313/include -fPIC -O2 -isystem /data3/hzc/miniconda3/envs/py313/include -fPIC -c /tmp/tmpy7o9bd1z/test.c -o /tmp/tmpy7o9bd1z/test.o
2025-05-12 13:24:01 - root - INFO - gcc -pthread -B /data3/hzc/miniconda3/envs/py313/compiler_compat /tmp/tmpy7o9bd1z/test.o -L/usr/local/cuda-12.4 -L/usr/local/cuda-12.4/lib64 -lcufile -o /tmp/tmpy7o9bd1z/a.out
2025-05-12 13:25:21 - sufu - INFO - Start logging sufu beamsearch
2025-05-12 13:25:21 - sufu - INFO - Start logging sufu beamsearch
2025-05-12 13:25:21 - sufu - INFO - Start logging sufu beamsearch
2025-05-12 13:25:21 - sufu - INFO - Start logging sufu beamsearch
2025-05-12 13:25:21 - sufu - INFO - Start logging sufu beamsearch
2025-05-12 13:25:21 - sufu - INFO - Start logging sufu beamsearch
2025-05-12 13:25:21 - sufu - INFO - Start logging sufu beamsearch
2025-05-12 13:25:21 - sufu - INFO - Start logging sufu beamsearch
2025-05-12 13:25:21 - root - INFO - gcc -pthread -B /data3/hzc/miniconda3/envs/py313/compiler_compat -fno-strict-overflow -Wsign-compare -DNDEBUG -O2 -Wall -fPIC -O2 -isystem /data3/hzc/miniconda3/envs/py313/include -fPIC -O2 -isystem /data3/hzc/miniconda3/envs/py313/include -fPIC -c /tmp/tmps2rou5l2/test.c -o /tmp/tmps2rou5l2/test.o
2025-05-12 13:25:21 - root - INFO - gcc -pthread -B /data3/hzc/miniconda3/envs/py313/compiler_compat /tmp/tmps2rou5l2/test.o -laio -o /tmp/tmps2rou5l2/a.out
2025-05-12 13:25:22 - root - INFO - gcc -pthread -B /data3/hzc/miniconda3/envs/py313/compiler_compat -fno-strict-overflow -Wsign-compare -DNDEBUG -O2 -Wall -fPIC -O2 -isystem /data3/hzc/miniconda3/envs/py313/include -fPIC -O2 -isystem /data3/hzc/miniconda3/envs/py313/include -fPIC -c /tmp/tmplkzszv5b/test.c -o /tmp/tmplkzszv5b/test.o
2025-05-12 13:25:22 - root - INFO - gcc -pthread -B /data3/hzc/miniconda3/envs/py313/compiler_compat /tmp/tmplkzszv5b/test.o -laio -o /tmp/tmplkzszv5b/a.out
2025-05-12 13:25:22 - root - INFO - gcc -pthread -B /data3/hzc/miniconda3/envs/py313/compiler_compat -fno-strict-overflow -Wsign-compare -DNDEBUG -O2 -Wall -fPIC -O2 -isystem /data3/hzc/miniconda3/envs/py313/include -fPIC -O2 -isystem /data3/hzc/miniconda3/envs/py313/include -fPIC -c /tmp/tmp4wji7qyx/test.c -o /tmp/tmp4wji7qyx/test.o
2025-05-12 13:25:22 - root - INFO - gcc -pthread -B /data3/hzc/miniconda3/envs/py313/compiler_compat -fno-strict-overflow -Wsign-compare -DNDEBUG -O2 -Wall -fPIC -O2 -isystem /data3/hzc/miniconda3/envs/py313/include -fPIC -O2 -isystem /data3/hzc/miniconda3/envs/py313/include -fPIC -c /tmp/tmpv8gbx6vc/test.c -o /tmp/tmpv8gbx6vc/test.o
2025-05-12 13:25:22 - root - INFO - gcc -pthread -B /data3/hzc/miniconda3/envs/py313/compiler_compat /tmp/tmp4wji7qyx/test.o -laio -o /tmp/tmp4wji7qyx/a.out
2025-05-12 13:25:22 - root - INFO - gcc -pthread -B /data3/hzc/miniconda3/envs/py313/compiler_compat -fno-strict-overflow -Wsign-compare -DNDEBUG -O2 -Wall -fPIC -O2 -isystem /data3/hzc/miniconda3/envs/py313/include -fPIC -O2 -isystem /data3/hzc/miniconda3/envs/py313/include -fPIC -c /tmp/tmpk3lf6u27/test.c -o /tmp/tmpk3lf6u27/test.o
2025-05-12 13:25:22 - root - INFO - gcc -pthread -B /data3/hzc/miniconda3/envs/py313/compiler_compat -fno-strict-overflow -Wsign-compare -DNDEBUG -O2 -Wall -fPIC -O2 -isystem /data3/hzc/miniconda3/envs/py313/include -fPIC -O2 -isystem /data3/hzc/miniconda3/envs/py313/include -fPIC -c /tmp/tmpim7vbq8z/test.c -o /tmp/tmpim7vbq8z/test.o
2025-05-12 13:25:22 - root - INFO - gcc -pthread -B /data3/hzc/miniconda3/envs/py313/compiler_compat /tmp/tmpv8gbx6vc/test.o -laio -o /tmp/tmpv8gbx6vc/a.out
2025-05-12 13:25:22 - root - INFO - gcc -pthread -B /data3/hzc/miniconda3/envs/py313/compiler_compat -fno-strict-overflow -Wsign-compare -DNDEBUG -O2 -Wall -fPIC -O2 -isystem /data3/hzc/miniconda3/envs/py313/include -fPIC -O2 -isystem /data3/hzc/miniconda3/envs/py313/include -fPIC -c /tmp/tmpgrjen8c4/test.c -o /tmp/tmpgrjen8c4/test.o
2025-05-12 13:25:22 - root - INFO - gcc -pthread -B /data3/hzc/miniconda3/envs/py313/compiler_compat /tmp/tmpk3lf6u27/test.o -laio -o /tmp/tmpk3lf6u27/a.out
2025-05-12 13:25:22 - root - INFO - gcc -pthread -B /data3/hzc/miniconda3/envs/py313/compiler_compat /tmp/tmpim7vbq8z/test.o -laio -o /tmp/tmpim7vbq8z/a.out
2025-05-12 13:25:22 - root - INFO - gcc -pthread -B /data3/hzc/miniconda3/envs/py313/compiler_compat /tmp/tmpgrjen8c4/test.o -laio -o /tmp/tmpgrjen8c4/a.out
2025-05-12 13:25:22 - root - INFO - gcc -pthread -B /data3/hzc/miniconda3/envs/py313/compiler_compat -fno-strict-overflow -Wsign-compare -DNDEBUG -O2 -Wall -fPIC -O2 -isystem /data3/hzc/miniconda3/envs/py313/include -fPIC -O2 -isystem /data3/hzc/miniconda3/envs/py313/include -fPIC -c /tmp/tmpv5743h9r/test.c -o /tmp/tmpv5743h9r/test.o
2025-05-12 13:25:22 - root - INFO - gcc -pthread -B /data3/hzc/miniconda3/envs/py313/compiler_compat /tmp/tmpv5743h9r/test.o -laio -o /tmp/tmpv5743h9r/a.out
2025-05-12 13:25:22 - root - INFO - gcc -pthread -B /data3/hzc/miniconda3/envs/py313/compiler_compat -fno-strict-overflow -Wsign-compare -DNDEBUG -O2 -Wall -fPIC -O2 -isystem /data3/hzc/miniconda3/envs/py313/include -fPIC -O2 -isystem /data3/hzc/miniconda3/envs/py313/include -fPIC -c /tmp/tmpk05cjqdf/test.c -o /tmp/tmpk05cjqdf/test.o
2025-05-12 13:25:22 - root - INFO - gcc -pthread -B /data3/hzc/miniconda3/envs/py313/compiler_compat /tmp/tmpk05cjqdf/test.o -L/usr/local/cuda-12.4 -L/usr/local/cuda-12.4/lib64 -lcufile -o /tmp/tmpk05cjqdf/a.out
2025-05-12 13:25:22 - root - INFO - gcc -pthread -B /data3/hzc/miniconda3/envs/py313/compiler_compat -fno-strict-overflow -Wsign-compare -DNDEBUG -O2 -Wall -fPIC -O2 -isystem /data3/hzc/miniconda3/envs/py313/include -fPIC -O2 -isystem /data3/hzc/miniconda3/envs/py313/include -fPIC -c /tmp/tmp_m8t7kh3/test.c -o /tmp/tmp_m8t7kh3/test.o
2025-05-12 13:25:22 - root - INFO - gcc -pthread -B /data3/hzc/miniconda3/envs/py313/compiler_compat /tmp/tmp_m8t7kh3/test.o -L/usr/local/cuda-12.4 -L/usr/local/cuda-12.4/lib64 -lcufile -o /tmp/tmp_m8t7kh3/a.out
2025-05-12 13:25:22 - root - INFO - gcc -pthread -B /data3/hzc/miniconda3/envs/py313/compiler_compat -fno-strict-overflow -Wsign-compare -DNDEBUG -O2 -Wall -fPIC -O2 -isystem /data3/hzc/miniconda3/envs/py313/include -fPIC -O2 -isystem /data3/hzc/miniconda3/envs/py313/include -fPIC -c /tmp/tmpol2w0sck/test.c -o /tmp/tmpol2w0sck/test.o
2025-05-12 13:25:22 - root - INFO - gcc -pthread -B /data3/hzc/miniconda3/envs/py313/compiler_compat -fno-strict-overflow -Wsign-compare -DNDEBUG -O2 -Wall -fPIC -O2 -isystem /data3/hzc/miniconda3/envs/py313/include -fPIC -O2 -isystem /data3/hzc/miniconda3/envs/py313/include -fPIC -c /tmp/tmp589rz1af/test.c -o /tmp/tmp589rz1af/test.o
2025-05-12 13:25:22 - root - INFO - gcc -pthread -B /data3/hzc/miniconda3/envs/py313/compiler_compat -fno-strict-overflow -Wsign-compare -DNDEBUG -O2 -Wall -fPIC -O2 -isystem /data3/hzc/miniconda3/envs/py313/include -fPIC -O2 -isystem /data3/hzc/miniconda3/envs/py313/include -fPIC -c /tmp/tmphgz5kxwd/test.c -o /tmp/tmphgz5kxwd/test.o
2025-05-12 13:25:22 - root - INFO - gcc -pthread -B /data3/hzc/miniconda3/envs/py313/compiler_compat /tmp/tmpol2w0sck/test.o -L/usr/local/cuda-12.4 -L/usr/local/cuda-12.4/lib64 -lcufile -o /tmp/tmpol2w0sck/a.out
2025-05-12 13:25:22 - root - INFO - gcc -pthread -B /data3/hzc/miniconda3/envs/py313/compiler_compat /tmp/tmp589rz1af/test.o -L/usr/local/cuda-12.4 -L/usr/local/cuda-12.4/lib64 -lcufile -o /tmp/tmp589rz1af/a.out
2025-05-12 13:25:22 - root - INFO - gcc -pthread -B /data3/hzc/miniconda3/envs/py313/compiler_compat /tmp/tmphgz5kxwd/test.o -L/usr/local/cuda-12.4 -L/usr/local/cuda-12.4/lib64 -lcufile -o /tmp/tmphgz5kxwd/a.out
2025-05-12 13:25:22 - root - INFO - gcc -pthread -B /data3/hzc/miniconda3/envs/py313/compiler_compat -fno-strict-overflow -Wsign-compare -DNDEBUG -O2 -Wall -fPIC -O2 -isystem /data3/hzc/miniconda3/envs/py313/include -fPIC -O2 -isystem /data3/hzc/miniconda3/envs/py313/include -fPIC -c /tmp/tmpl7viswy7/test.c -o /tmp/tmpl7viswy7/test.o
2025-05-12 13:25:22 - root - INFO - gcc -pthread -B /data3/hzc/miniconda3/envs/py313/compiler_compat -fno-strict-overflow -Wsign-compare -DNDEBUG -O2 -Wall -fPIC -O2 -isystem /data3/hzc/miniconda3/envs/py313/include -fPIC -O2 -isystem /data3/hzc/miniconda3/envs/py313/include -fPIC -c /tmp/tmpn41mnkii/test.c -o /tmp/tmpn41mnkii/test.o
2025-05-12 13:25:22 - root - INFO - gcc -pthread -B /data3/hzc/miniconda3/envs/py313/compiler_compat /tmp/tmpl7viswy7/test.o -L/usr/local/cuda-12.4 -L/usr/local/cuda-12.4/lib64 -lcufile -o /tmp/tmpl7viswy7/a.out
2025-05-12 13:25:22 - root - INFO - gcc -pthread -B /data3/hzc/miniconda3/envs/py313/compiler_compat /tmp/tmpn41mnkii/test.o -L/usr/local/cuda-12.4 -L/usr/local/cuda-12.4/lib64 -lcufile -o /tmp/tmpn41mnkii/a.out
2025-05-12 13:25:22 - root - INFO - gcc -pthread -B /data3/hzc/miniconda3/envs/py313/compiler_compat -fno-strict-overflow -Wsign-compare -DNDEBUG -O2 -Wall -fPIC -O2 -isystem /data3/hzc/miniconda3/envs/py313/include -fPIC -O2 -isystem /data3/hzc/miniconda3/envs/py313/include -fPIC -c /tmp/tmpjbjl4cqp/test.c -o /tmp/tmpjbjl4cqp/test.o
2025-05-12 13:25:22 - root - INFO - gcc -pthread -B /data3/hzc/miniconda3/envs/py313/compiler_compat /tmp/tmpjbjl4cqp/test.o -L/usr/local/cuda-12.4 -L/usr/local/cuda-12.4/lib64 -lcufile -o /tmp/tmpjbjl4cqp/a.out
